Copyright 1986-2022 Xilinx, Inc. All Rights Reserved. Copyright 2022-2025 Advanced Micro Devices, Inc. All Rights Reserved.
---------------------------------------------------------------------------------------------------------------------------------------------
| Tool Version : Vivado v.2025.1 (win64) Build 6140274 Thu May 22 00:12:29 MDT 2025
| Date         : Fri Oct  2 21:59:49 2026
| Host         : Adityaa-Windows running 64-bit major release  (build 9200)
| Command      : report_drc -file C:/Users/adira/Desktop/OFDM-RTL/ofdm_bd/drc.rpt
| Design       : ofdm_system_wrapper
| Device       : xc7z020clg484-1
| Speed File   : -1
| Design State : Fully Routed
---------------------------------------------------------------------------------------------------------------------------------------------

Report DRC

Table of Contents
-----------------
1. REPORT SUMMARY
2. REPORT DETAILS

1. REPORT SUMMARY
-----------------
            Netlist: netlist
          Floorplan: impl_1
      Design limits: <entire design considered>
           Ruledeck: default
             Max checks: <unlimited>
             Checks found: 16
+--------+----------+------------------------+--------+
| Rule   | Severity | Description            | Checks |
+--------+----------+------------------------+--------+
| DPOP-1 | Warning  | PREG Output pipelining | 8      |
| DPOP-2 | Warning  | MREG Output pipelining | 8      |
+--------+----------+------------------------+--------+

2. REPORT DETAILS
-----------------
DPOP-1#1 Warning
PREG Output pipelining  
DSP ofdm_system_i/ofdm_axi_lite_0/inst/u_core/u_ifft/u_fft/SU1/MU/aibi output ofdm_system_i/ofdm_axi_lite_0/inst/u_core/u_ifft/u_fft/SU1/MU/aibi/P[47:0] is not pipelined (PREG=0). Pipelining the DSP48 output will improve performance and often saves power so it is suggested whenever possible to fully pipeline this function.  If this DSP48 function was inferred, it is suggested to describe an additional register stage after this function.  If the DSP48 was instantiated in the design, it is suggested to set the PREG attribute to 1.
Related violations: <none>

DPOP-1#2 Warning
PREG Output pipelining  
DSP ofdm_system_i/ofdm_axi_lite_0/inst/u_core/u_ifft/u_fft/SU1/MU/aibr output ofdm_system_i/ofdm_axi_lite_0/inst/u_core/u_ifft/u_fft/SU1/MU/aibr/P[47:0] is not pipelined (PREG=0). Pipelining the DSP48 output will improve performance and often saves power so it is suggested whenever possible to fully pipeline this function.  If this DSP48 function was inferred, it is suggested to describe an additional register stage after this function.  If the DSP48 was instantiated in the design, it is suggested to set the PREG attribute to 1.
Related violations: <none>

DPOP-1#3 Warning
PREG Output pipelining  
DSP ofdm_system_i/ofdm_axi_lite_0/inst/u_core/u_ifft/u_fft/SU1/MU/arbi output ofdm_system_i/ofdm_axi_lite_0/inst/u_core/u_ifft/u_fft/SU1/MU/arbi/P[47:0] is not pipelined (PREG=0). Pipelining the DSP48 output will improve performance and often saves power so it is suggested whenever possible to fully pipeline this function.  If this DSP48 function was inferred, it is suggested to describe an additional register stage after this function.  If the DSP48 was instantiated in the design, it is suggested to set the PREG attribute to 1.
Related violations: <none>

DPOP-1#4 Warning
PREG Output pipelining  
DSP ofdm_system_i/ofdm_axi_lite_0/inst/u_core/u_ifft/u_fft/SU1/MU/arbr output ofdm_system_i/ofdm_axi_lite_0/inst/u_core/u_ifft/u_fft/SU1/MU/arbr/P[47:0] is not pipelined (PREG=0). Pipelining the DSP48 output will improve performance and often saves power so it is suggested whenever possible to fully pipeline this function.  If this DSP48 function was inferred, it is suggested to describe an additional register stage after this function.  If the DSP48 was instantiated in the design, it is suggested to set the PREG attribute to 1.
Related violations: <none>

DPOP-1#5 Warning
PREG Output pipelining  
DSP ofdm_system_i/ofdm_axi_lite_0/inst/u_core/u_ifft/u_fft/SU2/MU/aibi output ofdm_system_i/ofdm_axi_lite_0/inst/u_core/u_ifft/u_fft/SU2/MU/aibi/P[47:0] is not pipelined (PREG=0). Pipelining the DSP48 output will improve performance and often saves power so it is suggested whenever possible to fully pipeline this function.  If this DSP48 function was inferred, it is suggested to describe an additional register stage after this function.  If the DSP48 was instantiated in the design, it is suggested to set the PREG attribute to 1.
Related violations: <none>

DPOP-1#6 Warning
PREG Output pipelining  
DSP ofdm_system_i/ofdm_axi_lite_0/inst/u_core/u_ifft/u_fft/SU2/MU/aibr output ofdm_system_i/ofdm_axi_lite_0/inst/u_core/u_ifft/u_fft/SU2/MU/aibr/P[47:0] is not pipelined (PREG=0). Pipelining the DSP48 output will improve performance and often saves power so it is suggested whenever possible to fully pipeline this function.  If this DSP48 function was inferred, it is suggested to describe an additional register stage after this function.  If the DSP48 was instantiated in the design, it is suggested to set the PREG attribute to 1.
Related violations: <none>

DPOP-1#7 Warning
PREG Output pipelining  
DSP ofdm_system_i/ofdm_axi_lite_0/inst/u_core/u_ifft/u_fft/SU2/MU/arbi output ofdm_system_i/ofdm_axi_lite_0/inst/u_core/u_ifft/u_fft/SU2/MU/arbi/P[47:0] is not pipelined (PREG=0). Pipelining the DSP48 output will improve performance and often saves power so it is suggested whenever possible to fully pipeline this function.  If this DSP48 function was inferred, it is suggested to describe an additional register stage after this function.  If the DSP48 was instantiated in the design, it is suggested to set the PREG attribute to 1.
Related violations: <none>

DPOP-1#8 Warning
PREG Output pipelining  
DSP ofdm_system_i/ofdm_axi_lite_0/inst/u_core/u_ifft/u_fft/SU2/MU/arbr output ofdm_system_i/ofdm_axi_lite_0/inst/u_core/u_ifft/u_fft/SU2/MU/arbr/P[47:0] is not pipelined (PREG=0). Pipelining the DSP48 output will improve performance and often saves power so it is suggested whenever possible to fully pipeline this function.  If this DSP48 function was inferred, it is suggested to describe an additional register stage after this function.  If the DSP48 was instantiated in the design, it is suggested to set the PREG attribute to 1.
Related violations: <none>

DPOP-2#1 Warning
MREG Output pipelining  
DSP ofdm_system_i/ofdm_axi_lite_0/inst/u_core/u_ifft/u_fft/SU1/MU/aibi multiplier stage ofdm_system_i/ofdm_axi_lite_0/inst/u_core/u_ifft/u_fft/SU1/MU/aibi/P[47:0] is not pipelined (MREG=0). Pipelining the multiplier function will improve performance and will save significant power so it is suggested whenever possible to fully pipeline this function.  If this multiplier was inferred, it is suggested to describe an additional register stage after this function.  If there is no registered adder/accumulator following the multiply function, two pipeline stages are suggested to allow both the MREG and PREG registers to be used.  If the DSP48 was instantiated in the design, it is suggested to set both the MREG and PREG attributes to 1 when performing multiply functions.
Related violations: <none>

DPOP-2#2 Warning
MREG Output pipelining  
DSP ofdm_system_i/ofdm_axi_lite_0/inst/u_core/u_ifft/u_fft/SU1/MU/aibr multiplier stage ofdm_system_i/ofdm_axi_lite_0/inst/u_core/u_ifft/u_fft/SU1/MU/aibr/P[47:0] is not pipelined (MREG=0). Pipelining the multiplier function will improve performance and will save significant power so it is suggested whenever possible to fully pipeline this function.  If this multiplier was inferred, it is suggested to describe an additional register stage after this function.  If there is no registered adder/accumulator following the multiply function, two pipeline stages are suggested to allow both the MREG and PREG registers to be used.  If the DSP48 was instantiated in the design, it is suggested to set both the MREG and PREG attributes to 1 when performing multiply functions.
Related violations: <none>

DPOP-2#3 Warning
MREG Output pipelining  
DSP ofdm_system_i/ofdm_axi_lite_0/inst/u_core/u_ifft/u_fft/SU1/MU/arbi multiplier stage ofdm_system_i/ofdm_axi_lite_0/inst/u_core/u_ifft/u_fft/SU1/MU/arbi/P[47:0] is not pipelined (MREG=0). Pipelining the multiplier function will improve performance and will save significant power so it is suggested whenever possible to fully pipeline this function.  If this multiplier was inferred, it is suggested to describe an additional register stage after this function.  If there is no registered adder/accumulator following the multiply function, two pipeline stages are suggested to allow both the MREG and PREG registers to be used.  If the DSP48 was instantiated in the design, it is suggested to set both the MREG and PREG attributes to 1 when performing multiply functions.
Related violations: <none>

DPOP-2#4 Warning
MREG Output pipelining  
DSP ofdm_system_i/ofdm_axi_lite_0/inst/u_core/u_ifft/u_fft/SU1/MU/arbr multiplier stage ofdm_system_i/ofdm_axi_lite_0/inst/u_core/u_ifft/u_fft/SU1/MU/arbr/P[47:0] is not pipelined (MREG=0). Pipelining the multiplier function will improve performance and will save significant power so it is suggested whenever possible to fully pipeline this function.  If this multiplier was inferred, it is suggested to describe an additional register stage after this function.  If there is no registered adder/accumulator following the multiply function, two pipeline stages are suggested to allow both the MREG and PREG registers to be used.  If the DSP48 was instantiated in the design, it is suggested to set both the MREG and PREG attributes to 1 when performing multiply functions.
Related violations: <none>

DPOP-2#5 Warning
MREG Output pipelining  
DSP ofdm_system_i/ofdm_axi_lite_0/inst/u_core/u_ifft/u_fft/SU2/MU/aibi multiplier stage ofdm_system_i/ofdm_axi_lite_0/inst/u_core/u_ifft/u_fft/SU2/MU/aibi/P[47:0] is not pipelined (MREG=0). Pipelining the multiplier function will improve performance and will save significant power so it is suggested whenever possible to fully pipeline this function.  If this multiplier was inferred, it is suggested to describe an additional register stage after this function.  If there is no registered adder/accumulator following the multiply function, two pipeline stages are suggested to allow both the MREG and PREG registers to be used.  If the DSP48 was instantiated in the design, it is suggested to set both the MREG and PREG attributes to 1 when performing multiply functions.
Related violations: <none>

DPOP-2#6 Warning
MREG Output pipelining  
DSP ofdm_system_i/ofdm_axi_lite_0/inst/u_core/u_ifft/u_fft/SU2/MU/aibr multiplier stage ofdm_system_i/ofdm_axi_lite_0/inst/u_core/u_ifft/u_fft/SU2/MU/aibr/P[47:0] is not pipelined (MREG=0). Pipelining the multiplier function will improve performance and will save significant power so it is suggested whenever possible to fully pipeline this function.  If this multiplier was inferred, it is suggested to describe an additional register stage after this function.  If there is no registered adder/accumulator following the multiply function, two pipeline stages are suggested to allow both the MREG and PREG registers to be used.  If the DSP48 was instantiated in the design, it is suggested to set both the MREG and PREG attributes to 1 when performing multiply functions.
Related violations: <none>

DPOP-2#7 Warning
MREG Output pipelining  
DSP ofdm_system_i/ofdm_axi_lite_0/inst/u_core/u_ifft/u_fft/SU2/MU/arbi multiplier stage ofdm_system_i/ofdm_axi_lite_0/inst/u_core/u_ifft/u_fft/SU2/MU/arbi/P[47:0] is not pipelined (MREG=0). Pipelining the multiplier function will improve performance and will save significant power so it is suggested whenever possible to fully pipeline this function.  If this multiplier was inferred, it is suggested to describe an additional register stage after this function.  If there is no registered adder/accumulator following the multiply function, two pipeline stages are suggested to allow both the MREG and PREG registers to be used.  If the DSP48 was instantiated in the design, it is suggested to set both the MREG and PREG attributes to 1 when performing multiply functions.
Related violations: <none>

DPOP-2#8 Warning
MREG Output pipelining  
DSP ofdm_system_i/ofdm_axi_lite_0/inst/u_core/u_ifft/u_fft/SU2/MU/arbr multiplier stage ofdm_system_i/ofdm_axi_lite_0/inst/u_core/u_ifft/u_fft/SU2/MU/arbr/P[47:0] is not pipelined (MREG=0). Pipelining the multiplier function will improve performance and will save significant power so it is suggested whenever possible to fully pipeline this function.  If this multiplier was inferred, it is suggested to describe an additional register stage after this function.  If there is no registered adder/accumulator following the multiply function, two pipeline stages are suggested to allow both the MREG and PREG registers to be used.  If the DSP48 was instantiated in the design, it is suggested to set both the MREG and PREG attributes to 1 when performing multiply functions.
Related violations: <none>


