Copyright 1986-2022 Xilinx, Inc. All Rights Reserved. Copyright 2022-2025 Advanced Micro Devices, Inc. All Rights Reserved.
---------------------------------------------------------------------------------------------------------------------------------------------
| Tool Version : Vivado v.2025.1 (win64) Build 6140274 Thu May 22 00:12:29 MDT 2025
| Date         : Fri Oct  2 21:59:44 2026
| Host         : Adityaa-Windows running 64-bit major release  (build 9200)
| Command      : report_timing_summary -file C:/Users/adira/Desktop/OFDM-RTL/ofdm_bd/timing_summary.rpt
| Design       : ofdm_system_wrapper
| Device       : 7z020-clg484
| Speed File   : -1  PRODUCTION 1.12 2019-11-22
| Design State : Physopt postRoute
---------------------------------------------------------------------------------------------------------------------------------------------

Timing Summary Report

------------------------------------------------------------------------------------------------
| Timer Settings
| --------------
------------------------------------------------------------------------------------------------

  Enable Multi Corner Analysis               :  Yes
  Enable Pessimism Removal                   :  Yes
  Pessimism Removal Resolution               :  Nearest Common Node
  Enable Input Delay Default Clock           :  No
  Enable Preset / Clear Arcs                 :  No
  Disable Flight Delays                      :  No
  Ignore I/O Paths                           :  No
  Timing Early Launch at Borrowing Latches   :  No
  Borrow Time for Max Delay Exceptions       :  Yes
  Merge Timing Exceptions                    :  Yes
  Inter-SLR Compensation                     :  Conservative

  Corner  Analyze    Analyze    
  Name    Max Paths  Min Paths  
  ------  ---------  ---------  
  Slow    Yes        Yes        
  Fast    Yes        Yes        


------------------------------------------------------------------------------------------------
| Report Methodology
| ------------------
------------------------------------------------------------------------------------------------

No report available as report_methodology has not been run prior. Run report_methodology on the current design for the summary of methodology violations.



check_timing report

Table of Contents
-----------------
1. checking no_clock (0)
2. checking constant_clock (0)
3. checking pulse_width_clock (0)
4. checking unconstrained_internal_endpoints (0)
5. checking no_input_delay (0)
6. checking no_output_delay (0)
7. checking multiple_clock (0)
8. checking generated_clocks (0)
9. checking loops (0)
10. checking partial_input_delay (0)
11. checking partial_output_delay (0)
12. checking latch_loops (0)

1. checking no_clock (0)
------------------------
 There are 0 register/latch pins with no clock.


2. checking constant_clock (0)
------------------------------
 There are 0 register/latch pins with constant_clock.


3. checking pulse_width_clock (0)
---------------------------------
 There are 0 register/latch pins which need pulse_width check


4. checking unconstrained_internal_endpoints (0)
------------------------------------------------
 There are 0 pins that are not constrained for maximum delay.

 There are 0 pins that are not constrained for maximum delay due to constant clock.


5. checking no_input_delay (0)
------------------------------
 There are 0 input ports with no input delay specified.

 There are 0 input ports with no input delay but user has a false path constraint.


6. checking no_output_delay (0)
-------------------------------
 There are 0 ports with no output delay specified.

 There are 0 ports with no output delay but user has a false path constraint

 There are 0 ports with no output delay but with a timing clock defined on it or propagating through it


7. checking multiple_clock (0)
------------------------------
 There are 0 register/latch pins with multiple clocks.


8. checking generated_clocks (0)
--------------------------------
 There are 0 generated clocks that are not connected to a clock source.


9. checking loops (0)
---------------------
 There are 0 combinational loops in the design.


10. checking partial_input_delay (0)
------------------------------------
 There are 0 input ports with partial input delay specified.


11. checking partial_output_delay (0)
-------------------------------------
 There are 0 ports with partial output delay specified.


12. checking latch_loops (0)
----------------------------
 There are 0 combinational latch loops in the design through latch input



------------------------------------------------------------------------------------------------
| Design Timing Summary
| ---------------------
------------------------------------------------------------------------------------------------

    WNS(ns)      TNS(ns)  TNS Failing Endpoints  TNS Total Endpoints      WHS(ns)      THS(ns)  THS Failing Endpoints  THS Total Endpoints     WPWS(ns)     TPWS(ns)  TPWS Failing Endpoints  TPWS Total Endpoints  
    -------      -------  ---------------------  -------------------      -------      -------  ---------------------  -------------------     --------     --------  ----------------------  --------------------  
      3.598        0.000                      0                41877        0.030        0.000                      0                41877        9.020        0.000                       0                 24601  


All user specified timing constraints are met.


------------------------------------------------------------------------------------------------
| Clock Summary
| -------------
------------------------------------------------------------------------------------------------

Clock       Waveform(ns)       Period(ns)      Frequency(MHz)
-----       ------------       ----------      --------------
clk_fpga_0  {0.000 10.000}     20.000          50.000          


------------------------------------------------------------------------------------------------
| Intra Clock Table
| -----------------
------------------------------------------------------------------------------------------------

Clock             WNS(ns)      TNS(ns)  TNS Failing Endpoints  TNS Total Endpoints      WHS(ns)      THS(ns)  THS Failing Endpoints  THS Total Endpoints     WPWS(ns)     TPWS(ns)  TPWS Failing Endpoints  TPWS Total Endpoints  
-----             -------      -------  ---------------------  -------------------      -------      -------  ---------------------  -------------------     --------     --------  ----------------------  --------------------  
clk_fpga_0          3.598        0.000                      0                39295        0.030        0.000                      0                39295        9.020        0.000                       0                 24601  


------------------------------------------------------------------------------------------------
| Inter Clock Table
| -----------------
------------------------------------------------------------------------------------------------

From Clock    To Clock          WNS(ns)      TNS(ns)  TNS Failing Endpoints  TNS Total Endpoints      WHS(ns)      THS(ns)  THS Failing Endpoints  THS Total Endpoints  
----------    --------          -------      -------  ---------------------  -------------------      -------      -------  ---------------------  -------------------  


------------------------------------------------------------------------------------------------
| Other Path Groups Table
| -----------------------
------------------------------------------------------------------------------------------------

Path Group         From Clock         To Clock               WNS(ns)      TNS(ns)  TNS Failing Endpoints  TNS Total Endpoints      WHS(ns)      THS(ns)  THS Failing Endpoints  THS Total Endpoints  
----------         ----------         --------               -------      -------  ---------------------  -------------------      -------      -------  ---------------------  -------------------  
**async_default**  clk_fpga_0         clk_fpga_0              12.295        0.000                      0                 2582        0.469        0.000                      0                 2582  


------------------------------------------------------------------------------------------------
| Timing Details
| --------------
------------------------------------------------------------------------------------------------


---------------------------------------------------------------------------------------------------
From Clock:  clk_fpga_0
  To Clock:  clk_fpga_0

Setup :            0  Failing Endpoints,  Worst Slack        3.598ns,  Total Violation        0.000ns
Hold  :            0  Failing Endpoints,  Worst Slack        0.030ns,  Total Violation        0.000ns
PW    :            0  Failing Endpoints,  Worst Slack        9.020ns,  Total Violation        0.000ns
---------------------------------------------------------------------------------------------------


Max Delay Paths
--------------------------------------------------------------------------------------
Slack (MET) :             3.598ns  (required time - arrival time)
  Source:                 ofdm_system_i/ofdm_axi_lite_0/inst/u_core/sym_idx_reg[2]/C
                            (rising edge-triggered cell FDCE clocked by clk_fpga_0  {rise@0.000ns fall@10.000ns period=20.000ns})
  Destination:            ofdm_system_i/ofdm_axi_lite_0/inst/u_core/ofdm_frame_reg[7118]/D
                            (rising edge-triggered cell FDRE clocked by clk_fpga_0  {rise@0.000ns fall@10.000ns period=20.000ns})
  Path Group:             clk_fpga_0
  Path Type:              Setup (Max at Slow Process Corner)
  Requirement:            20.000ns  (clk_fpga_0 rise@20.000ns - clk_fpga_0 rise@0.000ns)
  Data Path Delay:        16.114ns  (logic 0.965ns (5.988%)  route 15.149ns (94.012%))
  Logic Levels:           2  (LUT4=1 LUT6=1)
  Clock Path Skew:        -0.064ns (DCD - SCD + CPR)
    Destination Clock Delay (DCD):    2.784ns = ( 22.784 - 20.000 ) 
    Source Clock Delay      (SCD):    2.977ns
    Clock Pessimism Removal (CPR):    0.129ns
  Clock Uncertainty:      0.302ns  ((TSJ^2 + TIJ^2)^1/2 + DJ) / 2 + PE
    Total System Jitter     (TSJ):    0.071ns
    Total Input Jitter      (TIJ):    0.600ns
    Discrete Jitter          (DJ):    0.000ns
    Phase Error              (PE):    0.000ns

    Location             Delay type                Incr(ns)  Path(ns)    Netlist Resource(s)
  -------------------------------------------------------------------    -------------------
                         (clock clk_fpga_0 rise edge)
                                                      0.000     0.000 r  
    PS7_X0Y0             PS7                          0.000     0.000 r  ofdm_system_i/processing_system7_0/inst/PS7_i/FCLKCLK[0]
                         net (fo=1, routed)           1.193     1.193    ofdm_system_i/processing_system7_0/inst/FCLK_CLK_unbuffered[0]
    BUFGCTRL_X0Y16       BUFG (Prop_bufg_I_O)         0.101     1.294 r  ofdm_system_i/processing_system7_0/inst/buffer_fclk_clk_0.FCLK_CLK_0_BUFG/O
                         net (fo=24609, routed)       1.683     2.977    ofdm_system_i/ofdm_axi_lite_0/inst/u_core/s_axi_aclk
    SLICE_X26Y80         FDCE                                         r  ofdm_system_i/ofdm_axi_lite_0/inst/u_core/sym_idx_reg[2]/C
  -------------------------------------------------------------------    -------------------
    SLICE_X26Y80         FDCE (Prop_fdce_C_Q)         0.518     3.495 f  ofdm_system_i/ofdm_axi_lite_0/inst/u_core/sym_idx_reg[2]/Q
                         net (fo=15194, routed)      13.973    17.468    ofdm_system_i/ofdm_axi_lite_0/inst/u_core/u_add_cp/ofdm_frame_reg[512]
    SLICE_X88Y57         LUT4 (Prop_lut4_I0_O)        0.120    17.588 r  ofdm_system_i/ofdm_axi_lite_0/inst/u_core/u_add_cp/ofdm_frame[7118]_i_2/O
                         net (fo=1, routed)           1.176    18.764    ofdm_system_i/ofdm_axi_lite_0/inst/u_core/u_add_cp/ofdm_frame[7118]_i_2_n_0
    SLICE_X90Y56         LUT6 (Prop_lut6_I0_O)        0.327    19.091 r  ofdm_system_i/ofdm_axi_lite_0/inst/u_core/u_add_cp/ofdm_frame[7118]_i_1/O
                         net (fo=1, routed)           0.000    19.091    ofdm_system_i/ofdm_axi_lite_0/inst/u_core/u_add_cp_n_6193
    SLICE_X90Y56         FDRE                                         r  ofdm_system_i/ofdm_axi_lite_0/inst/u_core/ofdm_frame_reg[7118]/D
  -------------------------------------------------------------------    -------------------

                         (clock clk_fpga_0 rise edge)
                                                     20.000    20.000 r  
    PS7_X0Y0             PS7                          0.000    20.000 r  ofdm_system_i/processing_system7_0/inst/PS7_i/FCLKCLK[0]
                         net (fo=1, routed)           1.088    21.088    ofdm_system_i/processing_system7_0/inst/FCLK_CLK_unbuffered[0]
    BUFGCTRL_X0Y16       BUFG (Prop_bufg_I_O)         0.091    21.179 r  ofdm_system_i/processing_system7_0/inst/buffer_fclk_clk_0.FCLK_CLK_0_BUFG/O
                         net (fo=24609, routed)       1.605    22.784    ofdm_system_i/ofdm_axi_lite_0/inst/u_core/s_axi_aclk
    SLICE_X90Y56         FDRE                                         r  ofdm_system_i/ofdm_axi_lite_0/inst/u_core/ofdm_frame_reg[7118]/C
                         clock pessimism              0.129    22.913    
                         clock uncertainty           -0.302    22.611    
    SLICE_X90Y56         FDRE (Setup_fdre_C_D)        0.079    22.690    ofdm_system_i/ofdm_axi_lite_0/inst/u_core/ofdm_frame_reg[7118]
  -------------------------------------------------------------------
                         required time                         22.690    
                         arrival time                         -19.091    
  -------------------------------------------------------------------
                         slack                                  3.598    





Min Delay Paths
--------------------------------------------------------------------------------------
Slack (MET) :             0.030ns  (arrival time - required time)
  Source:                 ofdm_system_i/ofdm_axi_lite_0/inst/u_core/u_s2p/parallel_data_reg[1003]/C
                            (rising edge-triggered cell FDRE clocked by clk_fpga_0  {rise@0.000ns fall@10.000ns period=20.000ns})
  Destination:            ofdm_system_i/ofdm_axi_lite_0/inst/u_core/u_add_cp/ofdm_symbol_cp_reg[1515]/D
                            (rising edge-triggered cell FDCE clocked by clk_fpga_0  {rise@0.000ns fall@10.000ns period=20.000ns})
  Path Group:             clk_fpga_0
  Path Type:              Hold (Min at Fast Process Corner)
  Requirement:            0.000ns  (clk_fpga_0 rise@0.000ns - clk_fpga_0 rise@0.000ns)
  Data Path Delay:        0.450ns  (logic 0.164ns (36.422%)  route 0.286ns (63.578%))
  Logic Levels:           0  
  Clock Path Skew:        0.348ns (DCD - SCD - CPR)
    Destination Clock Delay (DCD):    1.299ns
    Source Clock Delay      (SCD):    0.916ns
    Clock Pessimism Removal (CPR):    0.035ns

    Location             Delay type                Incr(ns)  Path(ns)    Netlist Resource(s)
  -------------------------------------------------------------------    -------------------
                         (clock clk_fpga_0 rise edge)
                                                      0.000     0.000 r  
    PS7_X0Y0             PS7                          0.000     0.000 r  ofdm_system_i/processing_system7_0/inst/PS7_i/FCLKCLK[0]
                         net (fo=1, routed)           0.310     0.310    ofdm_system_i/processing_system7_0/inst/FCLK_CLK_unbuffered[0]
    BUFGCTRL_X0Y16       BUFG (Prop_bufg_I_O)         0.026     0.336 r  ofdm_system_i/processing_system7_0/inst/buffer_fclk_clk_0.FCLK_CLK_0_BUFG/O
                         net (fo=24609, routed)       0.580     0.916    ofdm_system_i/ofdm_axi_lite_0/inst/u_core/u_s2p/s_axi_aclk
    SLICE_X62Y98         FDRE                                         r  ofdm_system_i/ofdm_axi_lite_0/inst/u_core/u_s2p/parallel_data_reg[1003]/C
  -------------------------------------------------------------------    -------------------
    SLICE_X62Y98         FDRE (Prop_fdre_C_Q)         0.164     1.080 r  ofdm_system_i/ofdm_axi_lite_0/inst/u_core/u_s2p/parallel_data_reg[1003]/Q
                         net (fo=1, routed)           0.286     1.366    ofdm_system_i/ofdm_axi_lite_0/inst/u_core/u_add_cp/Q[1003]
    SLICE_X57Y105        FDCE                                         r  ofdm_system_i/ofdm_axi_lite_0/inst/u_core/u_add_cp/ofdm_symbol_cp_reg[1515]/D
  -------------------------------------------------------------------    -------------------

                         (clock clk_fpga_0 rise edge)
                                                      0.000     0.000 r  
    PS7_X0Y0             PS7                          0.000     0.000 r  ofdm_system_i/processing_system7_0/inst/PS7_i/FCLKCLK[0]
                         net (fo=1, routed)           0.337     0.337    ofdm_system_i/processing_system7_0/inst/FCLK_CLK_unbuffered[0]
    BUFGCTRL_X0Y16       BUFG (Prop_bufg_I_O)         0.029     0.366 r  ofdm_system_i/processing_system7_0/inst/buffer_fclk_clk_0.FCLK_CLK_0_BUFG/O
                         net (fo=24609, routed)       0.933     1.299    ofdm_system_i/ofdm_axi_lite_0/inst/u_core/u_add_cp/s_axi_aclk
    SLICE_X57Y105        FDCE                                         r  ofdm_system_i/ofdm_axi_lite_0/inst/u_core/u_add_cp/ofdm_symbol_cp_reg[1515]/C
                         clock pessimism             -0.035     1.264    
    SLICE_X57Y105        FDCE (Hold_fdce_C_D)         0.072     1.336    ofdm_system_i/ofdm_axi_lite_0/inst/u_core/u_add_cp/ofdm_symbol_cp_reg[1515]
  -------------------------------------------------------------------
                         required time                         -1.336    
                         arrival time                           1.366    
  -------------------------------------------------------------------
                         slack                                  0.030    





Pulse Width Checks
--------------------------------------------------------------------------------------
Clock Name:         clk_fpga_0
Waveform(ns):       { 0.000 10.000 }
Period(ns):         20.000
Sources:            { ofdm_system_i/processing_system7_0/inst/PS7_i/FCLKCLK[0] }

Check Type        Corner  Lib Pin      Reference Pin  Required(ns)  Actual(ns)  Slack(ns)  Location        Pin
Min Period        n/a     BUFG/I       n/a            2.155         20.000      17.845     BUFGCTRL_X0Y16  ofdm_system_i/processing_system7_0/inst/buffer_fclk_clk_0.FCLK_CLK_0_BUFG/I
Low Pulse Width   Slow    SRLC32E/CLK  n/a            0.980         10.000      9.020      SLICE_X34Y50    ofdm_system_i/ofdm_axi_lite_0/inst/u_core/u_ifft/u_fft/SU1/DB1/buf_im_reg[30][0]_srl31/CLK
High Pulse Width  Slow    SRLC32E/CLK  n/a            0.980         10.000      9.020      SLICE_X34Y50    ofdm_system_i/ofdm_axi_lite_0/inst/u_core/u_ifft/u_fft/SU1/DB1/buf_im_reg[30][0]_srl31/CLK



---------------------------------------------------------------------------------------------------
Path Group:  **async_default**
From Clock:  clk_fpga_0
  To Clock:  clk_fpga_0

Setup :            0  Failing Endpoints,  Worst Slack       12.295ns,  Total Violation        0.000ns
Hold  :            0  Failing Endpoints,  Worst Slack        0.469ns,  Total Violation        0.000ns
---------------------------------------------------------------------------------------------------


Max Delay Paths
--------------------------------------------------------------------------------------
Slack (MET) :             12.295ns  (required time - arrival time)
  Source:                 ofdm_system_i/ofdm_axi_lite_0/inst/core_rst_reg/C
                            (rising edge-triggered cell FDSE clocked by clk_fpga_0  {rise@0.000ns fall@10.000ns period=20.000ns})
  Destination:            ofdm_system_i/ofdm_axi_lite_0/inst/u_core/u_add_cp/ofdm_symbol_cp_reg[792]/CLR
                            (recovery check against rising-edge clock clk_fpga_0  {rise@0.000ns fall@10.000ns period=20.000ns})
  Path Group:             **async_default**
  Path Type:              Recovery (Max at Slow Process Corner)
  Requirement:            20.000ns  (clk_fpga_0 rise@20.000ns - clk_fpga_0 rise@0.000ns)
  Data Path Delay:        7.178ns  (logic 0.456ns (6.353%)  route 6.722ns (93.647%))
  Logic Levels:           0  
  Clock Path Skew:        0.180ns (DCD - SCD + CPR)
    Destination Clock Delay (DCD):    3.039ns = ( 23.039 - 20.000 ) 
    Source Clock Delay      (SCD):    2.988ns
    Clock Pessimism Removal (CPR):    0.129ns
  Clock Uncertainty:      0.302ns  ((TSJ^2 + TIJ^2)^1/2 + DJ) / 2 + PE
    Total System Jitter     (TSJ):    0.071ns
    Total Input Jitter      (TIJ):    0.600ns
    Discrete Jitter          (DJ):    0.000ns
    Phase Error              (PE):    0.000ns

    Location             Delay type                Incr(ns)  Path(ns)    Netlist Resource(s)
  -------------------------------------------------------------------    -------------------
                         (clock clk_fpga_0 rise edge)
                                                      0.000     0.000 r  
    PS7_X0Y0             PS7                          0.000     0.000 r  ofdm_system_i/processing_system7_0/inst/PS7_i/FCLKCLK[0]
                         net (fo=1, routed)           1.193     1.193    ofdm_system_i/processing_system7_0/inst/FCLK_CLK_unbuffered[0]
    BUFGCTRL_X0Y16       BUFG (Prop_bufg_I_O)         0.101     1.294 r  ofdm_system_i/processing_system7_0/inst/buffer_fclk_clk_0.FCLK_CLK_0_BUFG/O
                         net (fo=24609, routed)       1.694     2.988    ofdm_system_i/ofdm_axi_lite_0/inst/s_axi_aclk
    SLICE_X31Y86         FDSE                                         r  ofdm_system_i/ofdm_axi_lite_0/inst/core_rst_reg/C
  -------------------------------------------------------------------    -------------------
    SLICE_X31Y86         FDSE (Prop_fdse_C_Q)         0.456     3.444 f  ofdm_system_i/ofdm_axi_lite_0/inst/core_rst_reg/Q
                         net (fo=9816, routed)        6.722    10.166    ofdm_system_i/ofdm_axi_lite_0/inst/u_core/u_add_cp/core_rst
    SLICE_X111Y144       FDCE                                         f  ofdm_system_i/ofdm_axi_lite_0/inst/u_core/u_add_cp/ofdm_symbol_cp_reg[792]/CLR
  -------------------------------------------------------------------    -------------------

                         (clock clk_fpga_0 rise edge)
                                                     20.000    20.000 r  
    PS7_X0Y0             PS7                          0.000    20.000 r  ofdm_system_i/processing_system7_0/inst/PS7_i/FCLKCLK[0]
                         net (fo=1, routed)           1.088    21.088    ofdm_system_i/processing_system7_0/inst/FCLK_CLK_unbuffered[0]
    BUFGCTRL_X0Y16       BUFG (Prop_bufg_I_O)         0.091    21.179 r  ofdm_system_i/processing_system7_0/inst/buffer_fclk_clk_0.FCLK_CLK_0_BUFG/O
                         net (fo=24609, routed)       1.860    23.039    ofdm_system_i/ofdm_axi_lite_0/inst/u_core/u_add_cp/s_axi_aclk
    SLICE_X111Y144       FDCE                                         r  ofdm_system_i/ofdm_axi_lite_0/inst/u_core/u_add_cp/ofdm_symbol_cp_reg[792]/C
                         clock pessimism              0.129    23.168    
                         clock uncertainty           -0.302    22.866    
    SLICE_X111Y144       FDCE (Recov_fdce_C_CLR)     -0.405    22.461    ofdm_system_i/ofdm_axi_lite_0/inst/u_core/u_add_cp/ofdm_symbol_cp_reg[792]
  -------------------------------------------------------------------
                         required time                         22.461    
                         arrival time                         -10.166    
  -------------------------------------------------------------------
                         slack                                 12.295    





Min Delay Paths
--------------------------------------------------------------------------------------
Slack (MET) :             0.469ns  (arrival time - required time)
  Source:                 ofdm_system_i/ofdm_axi_lite_0/inst/core_rst_reg/C
                            (rising edge-triggered cell FDSE clocked by clk_fpga_0  {rise@0.000ns fall@10.000ns period=20.000ns})
  Destination:            ofdm_system_i/ofdm_axi_lite_0/inst/u_core/u_map/subcarriers_reg[815]/CLR
                            (removal check against rising-edge clock clk_fpga_0  {rise@0.000ns fall@10.000ns period=20.000ns})
  Path Group:             **async_default**
  Path Type:              Removal (Min at Fast Process Corner)
  Requirement:            0.000ns  (clk_fpga_0 rise@0.000ns - clk_fpga_0 rise@0.000ns)
  Data Path Delay:        0.416ns  (logic 0.141ns (33.907%)  route 0.275ns (66.093%))
  Logic Levels:           0  
  Clock Path Skew:        0.014ns (DCD - SCD - CPR)
    Destination Clock Delay (DCD):    1.204ns
    Source Clock Delay      (SCD):    0.908ns
    Clock Pessimism Removal (CPR):    0.282ns

    Location             Delay type                Incr(ns)  Path(ns)    Netlist Resource(s)
  -------------------------------------------------------------------    -------------------
                         (clock clk_fpga_0 rise edge)
                                                      0.000     0.000 r  
    PS7_X0Y0             PS7                          0.000     0.000 r  ofdm_system_i/processing_system7_0/inst/PS7_i/FCLKCLK[0]
                         net (fo=1, routed)           0.310     0.310    ofdm_system_i/processing_system7_0/inst/FCLK_CLK_unbuffered[0]
    BUFGCTRL_X0Y16       BUFG (Prop_bufg_I_O)         0.026     0.336 r  ofdm_system_i/processing_system7_0/inst/buffer_fclk_clk_0.FCLK_CLK_0_BUFG/O
                         net (fo=24609, routed)       0.572     0.908    ofdm_system_i/ofdm_axi_lite_0/inst/s_axi_aclk
    SLICE_X31Y86         FDSE                                         r  ofdm_system_i/ofdm_axi_lite_0/inst/core_rst_reg/C
  -------------------------------------------------------------------    -------------------
    SLICE_X31Y86         FDSE (Prop_fdse_C_Q)         0.141     1.049 f  ofdm_system_i/ofdm_axi_lite_0/inst/core_rst_reg/Q
                         net (fo=9816, routed)        0.275     1.323    ofdm_system_i/ofdm_axi_lite_0/inst/u_core/u_map/core_rst
    SLICE_X30Y84         FDCE                                         f  ofdm_system_i/ofdm_axi_lite_0/inst/u_core/u_map/subcarriers_reg[815]/CLR
  -------------------------------------------------------------------    -------------------

                         (clock clk_fpga_0 rise edge)
                                                      0.000     0.000 r  
    PS7_X0Y0             PS7                          0.000     0.000 r  ofdm_system_i/processing_system7_0/inst/PS7_i/FCLKCLK[0]
                         net (fo=1, routed)           0.337     0.337    ofdm_system_i/processing_system7_0/inst/FCLK_CLK_unbuffered[0]
    BUFGCTRL_X0Y16       BUFG (Prop_bufg_I_O)         0.029     0.366 r  ofdm_system_i/processing_system7_0/inst/buffer_fclk_clk_0.FCLK_CLK_0_BUFG/O
                         net (fo=24609, routed)       0.838     1.204    ofdm_system_i/ofdm_axi_lite_0/inst/u_core/u_map/s_axi_aclk
    SLICE_X30Y84         FDCE                                         r  ofdm_system_i/ofdm_axi_lite_0/inst/u_core/u_map/subcarriers_reg[815]/C
                         clock pessimism             -0.282     0.922    
    SLICE_X30Y84         FDCE (Remov_fdce_C_CLR)     -0.067     0.855    ofdm_system_i/ofdm_axi_lite_0/inst/u_core/u_map/subcarriers_reg[815]
  -------------------------------------------------------------------
                         required time                         -0.855    
                         arrival time                           1.323    
  -------------------------------------------------------------------
                         slack                                  0.469    





